173.176.252.101 - - [14/May/2015:01:18:30 +0000] "GET / HTTP/1.1" 403 4897 "-" "Mozilla/5.0 (Macintosh; Intel Mac OS X 10_10_3) AppleWebKit/537.36 (KHTML, like Gecko) Chrome/42.0.2311.135 Safari/537.36"
173.176.252.101 - - [14/May/2015:01:18:31 +0000] "GET /noindex/css/open-sans.css HTTP/1.1" 200 5081 "http://api.usnap.com/" "Mozilla/5.0 (Macintosh; Intel Mac OS X 10_10_3) AppleWebKit/537.36 (KHTML, like Gecko) Chrome/42.0.2311.135 Safari/537.36"
173.176.252.101 - - [14/May/2015:01:18:31 +0000] "GET /images/apache_pb.gif HTTP/1.1" 200 2326 "http://api.usnap.com/" "Mozilla/5.0 (Macintosh; Intel Mac OS X 10_10_3) AppleWebKit/537.36 (KHTML, like Gecko) Chrome/42.0.2311.135 Safari/537.36"
173.176.252.101 - - [14/May/2015:01:18:31 +0000] "GET /noindex/css/bootstrap.min.css HTTP/1.1" 200 19341 "http://api.usnap.com/" "Mozilla/5.0 (Macintosh; Intel Mac OS X 10_10_3) AppleWebKit/537.36 (KHTML, like Gecko) Chrome/42.0.2311.135 Safari/537.36"
173.176.252.101 - - [14/May/2015:01:18:31 +0000] "GET /images/poweredby.png HTTP/1.1" 200 3956 "http://api.usnap.com/" "Mozilla/5.0 (Macintosh; Intel Mac OS X 10_10_3) AppleWebKit/537.36 (KHTML, like Gecko) Chrome/42.0.2311.135 Safari/537.36"
173.176.252.101 - - [14/May/2015:01:18:31 +0000] "GET /noindex/css/fonts/Light/OpenSans-Light.woff HTTP/1.1" 404 241 "http://api.usnap.com/noindex/css/open-sans.css" "Mozilla/5.0 (Macintosh; Intel Mac OS X 10_10_3) AppleWebKit/537.36 (KHTML, like Gecko) Chrome/42.0.2311.135 Safari/537.36"
173.176.252.101 - - [14/May/2015:01:18:31 +0000] "GET /noindex/css/fonts/Bold/OpenSans-Bold.woff HTTP/1.1" 404 239 "http://api.usnap.com/noindex/css/open-sans.css" "Mozilla/5.0 (Macintosh; Intel Mac OS X 10_10_3) AppleWebKit/537.36 (KHTML, like Gecko) Chrome/42.0.2311.135 Safari/537.36"
173.176.252.101 - - [14/May/2015:01:18:31 +0000] "GET /noindex/css/fonts/Light/OpenSans-Light.ttf HTTP/1.1" 404 240 "http://api.usnap.com/noindex/css/open-sans.css" "Mozilla/5.0 (Macintosh; Intel Mac OS X 10_10_3) AppleWebKit/537.36 (KHTML, like Gecko) Chrome/42.0.2311.135 Safari/537.36"
173.176.252.101 - - [14/May/2015:01:18:31 +0000] "GET /noindex/css/fonts/Bold/OpenSans-Bold.ttf HTTP/1.1" 404 238 "http://api.usnap.com/noindex/css/open-sans.css" "Mozilla/5.0 (Macintosh; Intel Mac OS X 10_10_3) AppleWebKit/537.36 (KHTML, like Gecko) Chrome/42.0.2311.135 Safari/537.36"
216.123.190.91 - - [20/May/2015:17:05:42 +0000] "GET / HTTP/1.1" 403 4897 "-" "Mozilla/5.0 (Macintosh; Intel Mac OS X 10_10_3) AppleWebKit/537.36 (KHTML, like Gecko) Chrome/42.0.2311.152 Safari/537.36"
216.123.190.91 - - [20/May/2015:17:05:44 +0000] "GET /noindex/css/open-sans.css HTTP/1.1" 200 5081 "http://api.usnap.com/" "Mozilla/5.0 (Macintosh; Intel Mac OS X 10_10_3) AppleWebKit/537.36 (KHTML, like Gecko) Chrome/42.0.2311.152 Safari/537.36"
216.123.190.91 - - [20/May/2015:17:05:44 +0000] "GET /images/apache_pb.gif HTTP/1.1" 200 2326 "http://api.usnap.com/" "Mozilla/5.0 (Macintosh; Intel Mac OS X 10_10_3) AppleWebKit/537.36 (KHTML, like Gecko) Chrome/42.0.2311.152 Safari/537.36"
216.123.190.91 - - [20/May/2015:17:05:44 +0000] "GET /noindex/css/bootstrap.min.css HTTP/1.1" 200 19341 "http://api.usnap.com/" "Mozilla/5.0 (Macintosh; Intel Mac OS X 10_10_3) AppleWebKit/537.36 (KHTML, like Gecko) Chrome/42.0.2311.152 Safari/537.36"
216.123.190.91 - - [20/May/2015:17:05:44 +0000] "GET /images/poweredby.png HTTP/1.1" 200 3956 "http://api.usnap.com/" "Mozilla/5.0 (Macintosh; Intel Mac OS X 10_10_3) AppleWebKit/537.36 (KHTML, like Gecko) Chrome/42.0.2311.152 Safari/537.36"
216.123.190.91 - - [20/May/2015:17:05:44 +0000] "GET /noindex/css/fonts/Bold/OpenSans-Bold.woff HTTP/1.1" 404 239 "http://api.usnap.com/noindex/css/open-sans.css" "Mozilla/5.0 (Macintosh; Intel Mac OS X 10_10_3) AppleWebKit/537.36 (KHTML, like Gecko) Chrome/42.0.2311.152 Safari/537.36"
216.123.190.91 - - [20/May/2015:17:05:44 +0000] "GET /noindex/css/fonts/Light/OpenSans-Light.woff HTTP/1.1" 404 241 "http://api.usnap.com/noindex/css/open-sans.css" "Mozilla/5.0 (Macintosh; Intel Mac OS X 10_10_3) AppleWebKit/537.36 (KHTML, like Gecko) Chrome/42.0.2311.152 Safari/537.36"
216.123.190.91 - - [20/May/2015:17:05:45 +0000] "GET /noindex/css/fonts/Bold/OpenSans-Bold.ttf HTTP/1.1" 404 238 "http://api.usnap.com/noindex/css/open-sans.css" "Mozilla/5.0 (Macintosh; Intel Mac OS X 10_10_3) AppleWebKit/537.36 (KHTML, like Gecko) Chrome/42.0.2311.152 Safari/537.36"
216.123.190.91 - - [20/May/2015:17:05:45 +0000] "GET /noindex/css/fonts/Light/OpenSans-Light.ttf HTTP/1.1" 404 240 "http://api.usnap.com/noindex/css/open-sans.css" "Mozilla/5.0 (Macintosh; Intel Mac OS X 10_10_3) AppleWebKit/537.36 (KHTML, like Gecko) Chrome/42.0.2311.152 Safari/537.36"
216.123.190.91 - - [20/May/2015:17:05:45 +0000] "GET /favicon.ico HTTP/1.1" 404 209 "http://api.usnap.com/" "Mozilla/5.0 (Macintosh; Intel Mac OS X 10_10_3) AppleWebKit/537.36 (KHTML, like Gecko) Chrome/42.0.2311.152 Safari/537.36"
96.21.177.14 - - [22/May/2015:16:42:17 +0000] "GET / HTTP/1.1" 403 4897 "-" "Mozilla/5.0 (Macintosh; Intel Mac OS X 10_10_3) AppleWebKit/537.36 (KHTML, like Gecko) Chrome/43.0.2357.65 Safari/537.36"
96.21.177.14 - - [22/May/2015:16:42:17 +0000] "GET /noindex/css/open-sans.css HTTP/1.1" 200 5081 "http://api.usnap.com/" "Mozilla/5.0 (Macintosh; Intel Mac OS X 10_10_3) AppleWebKit/537.36 (KHTML, like Gecko) Chrome/43.0.2357.65 Safari/537.36"
96.21.177.14 - - [22/May/2015:16:42:17 +0000] "GET /noindex/css/bootstrap.min.css HTTP/1.1" 200 19341 "http://api.usnap.com/" "Mozilla/5.0 (Macintosh; Intel Mac OS X 10_10_3) AppleWebKit/537.36 (KHTML, like Gecko) Chrome/43.0.2357.65 Safari/537.36"
96.21.177.14 - - [22/May/2015:16:42:17 +0000] "GET /images/apache_pb.gif HTTP/1.1" 200 2326 "http://api.usnap.com/" "Mozilla/5.0 (Macintosh; Intel Mac OS X 10_10_3) AppleWebKit/537.36 (KHTML, like Gecko) Chrome/43.0.2357.65 Safari/537.36"
96.21.177.14 - - [22/May/2015:16:42:17 +0000] "GET /images/poweredby.png HTTP/1.1" 200 3956 "http://api.usnap.com/" "Mozilla/5.0 (Macintosh; Intel Mac OS X 10_10_3) AppleWebKit/537.36 (KHTML, like Gecko) Chrome/43.0.2357.65 Safari/537.36"
96.21.177.14 - - [22/May/2015:16:42:17 +0000] "GET /noindex/css/fonts/Bold/OpenSans-Bold.woff HTTP/1.1" 404 239 "http://api.usnap.com/noindex/css/open-sans.css" "Mozilla/5.0 (Macintosh; Intel Mac OS X 10_10_3) AppleWebKit/537.36 (KHTML, like Gecko) Chrome/43.0.2357.65 Safari/537.36"
96.21.177.14 - - [22/May/2015:16:42:17 +0000] "GET /noindex/css/fonts/Light/OpenSans-Light.woff HTTP/1.1" 404 241 "http://api.usnap.com/noindex/css/open-sans.css" "Mozilla/5.0 (Macintosh; Intel Mac OS X 10_10_3) AppleWebKit/537.36 (KHTML, like Gecko) Chrome/43.0.2357.65 Safari/537.36"
96.21.177.14 - - [22/May/2015:16:42:17 +0000] "GET /noindex/css/fonts/Bold/OpenSans-Bold.ttf HTTP/1.1" 404 238 "http://api.usnap.com/noindex/css/open-sans.css" "Mozilla/5.0 (Macintosh; Intel Mac OS X 10_10_3) AppleWebKit/537.36 (KHTML, like Gecko) Chrome/43.0.2357.65 Safari/537.36"
96.21.177.14 - - [22/May/2015:16:42:17 +0000] "GET /noindex/css/fonts/Light/OpenSans-Light.ttf HTTP/1.1" 404 240 "http://api.usnap.com/noindex/css/open-sans.css" "Mozilla/5.0 (Macintosh; Intel Mac OS X 10_10_3) AppleWebKit/537.36 (KHTML, like Gecko) Chrome/43.0.2357.65 Safari/537.36"
96.21.177.14 - - [22/May/2015:16:42:18 +0000] "GET /favicon.ico HTTP/1.1" 404 209 "http://api.usnap.com/" "Mozilla/5.0 (Macintosh; Intel Mac OS X 10_10_3) AppleWebKit/537.36 (KHTML, like Gecko) Chrome/43.0.2357.65 Safari/537.36"
96.21.177.14 - - [22/May/2015:16:42:19 +0000] "GET / HTTP/1.1" 403 4897 "-" "Mozilla/5.0 (Macintosh; Intel Mac OS X 10_10_3) AppleWebKit/537.36 (KHTML, like Gecko) Chrome/43.0.2357.65 Safari/537.36"
96.21.177.14 - - [22/May/2015:16:42:20 +0000] "GET /noindex/css/bootstrap.min.css HTTP/1.1" 304 - "http://api.usnap.com/" "Mozilla/5.0 (Macintosh; Intel Mac OS X 10_10_3) AppleWebKit/537.36 (KHTML, like Gecko) Chrome/43.0.2357.65 Safari/537.36"
96.21.177.14 - - [22/May/2015:16:42:20 +0000] "GET /noindex/css/open-sans.css HTTP/1.1" 304 - "http://api.usnap.com/" "Mozilla/5.0 (Macintosh; Intel Mac OS X 10_10_3) AppleWebKit/537.36 (KHTML, like Gecko) Chrome/43.0.2357.65 Safari/537.36"
96.21.177.14 - - [22/May/2015:16:42:20 +0000] "GET /images/apache_pb.gif HTTP/1.1" 304 - "http://api.usnap.com/" "Mozilla/5.0 (Macintosh; Intel Mac OS X 10_10_3) AppleWebKit/537.36 (KHTML, like Gecko) Chrome/43.0.2357.65 Safari/537.36"
96.21.177.14 - - [22/May/2015:16:42:20 +0000] "GET /images/poweredby.png HTTP/1.1" 304 - "http://api.usnap.com/" "Mozilla/5.0 (Macintosh; Intel Mac OS X 10_10_3) AppleWebKit/537.36 (KHTML, like Gecko) Chrome/43.0.2357.65 Safari/537.36"
96.21.177.14 - - [22/May/2015:16:42:38 +0000] "GET / HTTP/1.1" 200 9 "-" "Mozilla/5.0 (Macintosh; Intel Mac OS X 10_10_3) AppleWebKit/537.36 (KHTML, like Gecko) Chrome/43.0.2357.65 Safari/537.36"
96.21.177.14 - - [22/May/2015:16:42:41 +0000] "GET /v1/feed/top HTTP/1.1" 500 1830 "-" "Mozilla/5.0 (Macintosh; Intel Mac OS X 10_10_3) AppleWebKit/537.36 (KHTML, like Gecko) Chrome/43.0.2357.65 Safari/537.36"
96.21.177.14 - - [22/May/2015:16:42:45 +0000] "GET /v1/feed/top HTTP/1.1" 500 1830 "-" "Mozilla/5.0 (Macintosh; Intel Mac OS X 10_10_3) AppleWebKit/537.36 (KHTML, like Gecko) Chrome/43.0.2357.65 Safari/537.36"
96.21.177.14 - - [22/May/2015:16:43:56 +0000] "GET /v1/feed/top HTTP/1.1" 500 1830 "-" "Mozilla/5.0 (Macintosh; Intel Mac OS X 10_10_3) AppleWebKit/537.36 (KHTML, like Gecko) Chrome/43.0.2357.65 Safari/537.36"
96.21.177.14 - - [22/May/2015:16:43:57 +0000] "GET /v1/feed/top HTTP/1.1" 500 1830 "-" "Mozilla/5.0 (Macintosh; Intel Mac OS X 10_10_3) AppleWebKit/537.36 (KHTML, like Gecko) Chrome/43.0.2357.65 Safari/537.36"
96.21.177.14 - - [22/May/2015:16:45:56 +0000] "GET /v1/feed/top HTTP/1.1" 500 1830 "-" "Mozilla/5.0 (Macintosh; Intel Mac OS X 10_10_3) AppleWebKit/537.36 (KHTML, like Gecko) Chrome/43.0.2357.65 Safari/537.36"
96.21.177.14 - - [22/May/2015:16:45:58 +0000] "GET /v1/feed/top HTTP/1.1" 500 1830 "-" "Mozilla/5.0 (Macintosh; Intel Mac OS X 10_10_3) AppleWebKit/537.36 (KHTML, like Gecko) Chrome/43.0.2357.65 Safari/537.36"
96.21.177.14 - - [22/May/2015:16:47:27 +0000] "GET /v1/feed/top HTTP/1.1" 500 1830 "-" "Mozilla/5.0 (Macintosh; Intel Mac OS X 10_10_3) AppleWebKit/537.36 (KHTML, like Gecko) Chrome/43.0.2357.65 Safari/537.36"
96.21.177.14 - - [22/May/2015:16:47:30 +0000] "GET /v1/feed/top HTTP/1.1" 500 1830 "-" "Mozilla/5.0 (Macintosh; Intel Mac OS X 10_10_3) AppleWebKit/537.36 (KHTML, like Gecko) Chrome/43.0.2357.65 Safari/537.36"
96.21.177.14 - - [22/May/2015:16:48:26 +0000] "GET /v1/feed/top HTTP/1.1" 500 1830 "-" "Mozilla/5.0 (Macintosh; Intel Mac OS X 10_10_3) AppleWebKit/537.36 (KHTML, like Gecko) Chrome/43.0.2357.65 Safari/537.36"
96.21.177.14 - - [22/May/2015:16:48:28 +0000] "GET /v1/feed/top HTTP/1.1" 500 1830 "-" "Mozilla/5.0 (Macintosh; Intel Mac OS X 10_10_3) AppleWebKit/537.36 (KHTML, like Gecko) Chrome/43.0.2357.65 Safari/537.36"
96.21.177.14 - - [22/May/2015:16:51:43 +0000] "GET /v1/feed/top HTTP/1.1" 500 1830 "-" "Mozilla/5.0 (Macintosh; Intel Mac OS X 10_10_3) AppleWebKit/537.36 (KHTML, like Gecko) Chrome/43.0.2357.65 Safari/537.36"
96.21.177.14 - - [22/May/2015:16:53:29 +0000] "GET /v1/admin/moderate/feed/ HTTP/1.0" 500 1839 "-" "-"
96.21.177.14 - - [22/May/2015:16:53:36 +0000] "GET /v1/admin/moderate/feed/ HTTP/1.0" 500 1839 "-" "-"
96.21.177.14 - - [22/May/2015:16:53:42 +0000] "GET /v1/feed/top HTTP/1.1" 500 1830 "-" "Mozilla/5.0 (Macintosh; Intel Mac OS X 10_10_3) AppleWebKit/537.36 (KHTML, like Gecko) Chrome/43.0.2357.65 Safari/537.36"
96.21.177.14 - - [22/May/2015:16:54:39 +0000] "GET /v1/feed/top HTTP/1.1" 500 1830 "-" "Mozilla/5.0 (Macintosh; Intel Mac OS X 10_10_3) AppleWebKit/537.36 (KHTML, like Gecko) Chrome/43.0.2357.65 Safari/537.36"
96.21.177.14 - - [22/May/2015:16:56:30 +0000] "GET /v1/admin/moderate/feed/ HTTP/1.0" 200 27 "-" "-"
96.21.177.14 - - [22/May/2015:16:56:33 +0000] "GET /v1/feed/top HTTP/1.1" 200 20120 "-" "Mozilla/5.0 (Macintosh; Intel Mac OS X 10_10_3) AppleWebKit/537.36 (KHTML, like Gecko) Chrome/43.0.2357.65 Safari/537.36"
96.21.177.14 - sleiman [22/May/2015:16:59:05 +0000] "POST /v1/share HTTP/1.1" 500 1534 "-" "Mozilla/5.0 (Macintosh; Intel Mac OS X 10_10_3) AppleWebKit/537.36 (KHTML, like Gecko) Chrome/43.0.2357.65 Safari/537.36"
96.21.177.14 - sleiman [22/May/2015:17:00:15 +0000] "POST /v1/share HTTP/1.1" 500 1532 "-" "Mozilla/5.0 (Macintosh; Intel Mac OS X 10_10_3) AppleWebKit/537.36 (KHTML, like Gecko) Chrome/43.0.2357.65 Safari/537.36"
96.21.177.14 - sleiman [22/May/2015:17:01:39 +0000] "POST /v1/share HTTP/1.1" 500 1536 "-" "Mozilla/5.0 (Macintosh; Intel Mac OS X 10_10_3) AppleWebKit/537.36 (KHTML, like Gecko) Chrome/43.0.2357.65 Safari/537.36"
96.21.177.14 - sleiman [22/May/2015:17:01:48 +0000] "POST /v1/share HTTP/1.1" 500 1539 "-" "Mozilla/5.0 (Macintosh; Intel Mac OS X 10_10_3) AppleWebKit/537.36 (KHTML, like Gecko) Chrome/43.0.2357.65 Safari/537.36"
96.21.177.14 - sleiman [22/May/2015:17:02:11 +0000] "POST /v1/share HTTP/1.1" 500 1532 "-" "Mozilla/5.0 (Macintosh; Intel Mac OS X 10_10_3) AppleWebKit/537.36 (KHTML, like Gecko) Chrome/43.0.2357.65 Safari/537.36"
96.21.177.14 - sleiman [22/May/2015:17:02:17 +0000] "POST /v1/share HTTP/1.1" 500 1541 "-" "Mozilla/5.0 (Macintosh; Intel Mac OS X 10_10_3) AppleWebKit/537.36 (KHTML, like Gecko) Chrome/43.0.2357.65 Safari/537.36"
96.21.177.14 - sleiman [22/May/2015:17:02:25 +0000] "POST /v1/share HTTP/1.1" 500 1534 "-" "Mozilla/5.0 (Macintosh; Intel Mac OS X 10_10_3) AppleWebKit/537.36 (KHTML, like Gecko) Chrome/43.0.2357.65 Safari/537.36"
96.21.177.14 - sleiman [22/May/2015:17:02:29 +0000] "POST /v1/share HTTP/1.1" 500 1776 "-" "Mozilla/5.0 (Macintosh; Intel Mac OS X 10_10_3) AppleWebKit/537.36 (KHTML, like Gecko) Chrome/43.0.2357.65 Safari/537.36"
96.21.177.14 - sleiman [22/May/2015:17:03:42 +0000] "POST /v1/share HTTP/1.1" 500 1778 "-" "Mozilla/5.0 (Macintosh; Intel Mac OS X 10_10_3) AppleWebKit/537.36 (KHTML, like Gecko) Chrome/43.0.2357.65 Safari/537.36"
96.21.177.14 - sleiman [22/May/2015:17:05:47 +0000] "POST /v1/share HTTP/1.1" 200 58 "-" "Mozilla/5.0 (Macintosh; Intel Mac OS X 10_10_3) AppleWebKit/537.36 (KHTML, like Gecko) Chrome/43.0.2357.65 Safari/537.36"
96.21.177.14 - sleiman [22/May/2015:17:05:52 +0000] "POST /v1/share HTTP/1.1" 500 1534 "-" "Mozilla/5.0 (Macintosh; Intel Mac OS X 10_10_3) AppleWebKit/537.36 (KHTML, like Gecko) Chrome/43.0.2357.65 Safari/537.36"
96.21.177.14 - sleiman [22/May/2015:17:07:51 +0000] "POST /v1/share HTTP/1.1" 200 58 "-" "Mozilla/5.0 (Macintosh; Intel Mac OS X 10_10_3) AppleWebKit/537.36 (KHTML, like Gecko) Chrome/43.0.2357.65 Safari/537.36"
96.21.177.14 - sleiman [22/May/2015:17:09:58 +0000] "POST /v1/share HTTP/1.1" 200 57 "-" "Mozilla/5.0 (Macintosh; Intel Mac OS X 10_10_3) AppleWebKit/537.36 (KHTML, like Gecko) Chrome/43.0.2357.65 Safari/537.36"
96.21.177.14 - sleiman [22/May/2015:17:15:46 +0000] "POST /v1/share HTTP/1.1" 200 57 "-" "Mozilla/5.0 (Macintosh; Intel Mac OS X 10_10_3) AppleWebKit/537.36 (KHTML, like Gecko) Chrome/43.0.2357.65 Safari/537.36"
96.21.177.14 - sleiman [22/May/2015:17:28:36 +0000] "POST /v1/share HTTP/1.1" 200 57 "-" "Mozilla/5.0 (Macintosh; Intel Mac OS X 10_10_3) AppleWebKit/537.36 (KHTML, like Gecko) Chrome/43.0.2357.65 Safari/537.36"
96.21.177.14 - sleiman [22/May/2015:17:36:20 +0000] "POST /v1/share HTTP/1.1" 200 58 "-" "Mozilla/5.0 (Macintosh; Intel Mac OS X 10_10_3) AppleWebKit/537.36 (KHTML, like Gecko) Chrome/43.0.2357.65 Safari/537.36"
96.21.177.14 - sleiman [22/May/2015:17:37:08 +0000] "POST /v1/share HTTP/1.1" 200 58 "-" "Mozilla/5.0 (Macintosh; Intel Mac OS X 10_10_3) AppleWebKit/537.36 (KHTML, like Gecko) Chrome/43.0.2357.65 Safari/537.36"
96.21.177.14 - - [22/May/2015:17:42:09 +0000] "GET / HTTP/1.1" 200 9 "-" "Mozilla/5.0 (Macintosh; Intel Mac OS X 10.10; rv:38.0) Gecko/20100101 Firefox/38.0"
96.21.177.14 - - [22/May/2015:17:42:10 +0000] "GET /favicon.ico HTTP/1.1" 404 590 "-" "Mozilla/5.0 (Macintosh; Intel Mac OS X 10.10; rv:38.0) Gecko/20100101 Firefox/38.0"
96.21.177.14 - - [22/May/2015:17:42:10 +0000] "GET /favicon.ico HTTP/1.1" 404 590 "-" "Mozilla/5.0 (Macintosh; Intel Mac OS X 10.10; rv:38.0) Gecko/20100101 Firefox/38.0"
17.199.160.43 - - [22/May/2015:17:52:59 +0000] "GET /v1/campaigns HTTP/1.1" 200 2036 "-" "uSnap/1.0 (iPad; iOS 8.1; Scale/2.00)"
17.199.160.43 - - [22/May/2015:17:52:59 +0000] "GET /v1/feed/top/23 HTTP/1.1" 200 11693 "-" "uSnap/1.0 (iPad; iOS 8.1; Scale/2.00)"
17.199.160.43 - - [22/May/2015:17:52:59 +0000] "GET /v1/feed/live/23 HTTP/1.1" 200 11693 "-" "uSnap/1.0 (iPad; iOS 8.1; Scale/2.00)"
96.21.177.14 - - [22/May/2015:17:59:42 +0000] "GET /uploads/logo/usnap.png HTTP/1.1" 200 8502 "-" "Mozilla/5.0 (Macintosh; Intel Mac OS X 10_10_3) AppleWebKit/537.36 (KHTML, like Gecko) Chrome/43.0.2357.65 Safari/537.36"
52.24.195.247 - - [22/May/2015:18:00:55 +0000] "GET /uploads/logo/usnap.png HTTP/1.0" 200 8502 "-" "-"
96.21.177.14 - sleiman [22/May/2015:18:00:54 +0000] "POST /v1/share HTTP/1.1" 200 57 "-" "Mozilla/5.0 (Macintosh; Intel Mac OS X 10_10_3) AppleWebKit/537.36 (KHTML, like Gecko) Chrome/43.0.2357.65 Safari/537.36"
24.114.106.131 - - [22/May/2015:18:01:30 +0000] "GET /v1/campaigns HTTP/1.1" 200 2036 "-" "uSnap/1.0 (iPhone; iOS 8.3; Scale/2.00)"
24.114.106.131 - - [22/May/2015:18:01:30 +0000] "GET /v1/feed/live/23 HTTP/1.1" 200 12012 "-" "uSnap/1.0 (iPhone; iOS 8.3; Scale/2.00)"
24.114.106.131 - - [22/May/2015:18:01:30 +0000] "GET /v1/feed/top/23 HTTP/1.1" 200 12012 "-" "uSnap/1.0 (iPhone; iOS 8.3; Scale/2.00)"
24.114.106.131 - - [22/May/2015:18:01:32 +0000] "GET /v1/feed/live/23 HTTP/1.1" 200 12012 "-" "uSnap/1.0 (iPhone; iOS 8.3; Scale/2.00)"
24.114.106.131 - - [22/May/2015:18:01:39 +0000] "GET /v1/feed/live/23 HTTP/1.1" 200 12012 "-" "uSnap/1.0 (iPhone; iOS 8.3; Scale/2.00)"
24.114.106.131 - - [22/May/2015:18:01:54 +0000] "POST /v1/login HTTP/1.1" 500 1546 "-" "uSnap/1.0 (iPhone; iOS 8.3; Scale/2.00)"
24.114.106.131 - - [22/May/2015:18:02:04 +0000] "POST /v1/login HTTP/1.1" 500 1546 "-" "uSnap/1.0 (iPhone; iOS 8.3; Scale/2.00)"
24.114.106.131 - - [22/May/2015:18:02:04 +0000] "POST /v1/login HTTP/1.1" 500 1546 "-" "uSnap/1.0 (iPhone; iOS 8.3; Scale/2.00)"
24.114.106.131 - - [22/May/2015:18:02:21 +0000] "POST /v1/login HTTP/1.1" 500 1546 "-" "uSnap/1.0 (iPhone; iOS 8.3; Scale/2.00)"
17.199.160.40 - - [22/May/2015:18:03:09 +0000] "GET /v1/campaigns HTTP/1.1" 200 2036 "-" "uSnap/1.0 (iPad; iOS 8.1; Scale/1.00)"
17.199.160.40 - - [22/May/2015:18:03:09 +0000] "GET /v1/feed/top/23 HTTP/1.1" 200 12012 "-" "uSnap/1.0 (iPad; iOS 8.1; Scale/1.00)"
17.199.160.40 - - [22/May/2015:18:03:09 +0000] "GET /v1/feed/live/23 HTTP/1.1" 200 12012 "-" "uSnap/1.0 (iPad; iOS 8.1; Scale/1.00)"
17.199.160.40 - - [22/May/2015:18:04:30 +0000] "GET /v1/campaigns HTTP/1.1" 200 2036 "-" "uSnap/1.0 (iPad; iOS 8.1; Scale/2.00)"
17.199.160.40 - - [22/May/2015:18:04:30 +0000] "GET /v1/feed/top/23 HTTP/1.1" 200 12012 "-" "uSnap/1.0 (iPad; iOS 8.1; Scale/2.00)"
17.199.160.40 - - [22/May/2015:18:04:30 +0000] "GET /v1/feed/live/23 HTTP/1.1" 200 12012 "-" "uSnap/1.0 (iPad; iOS 8.1; Scale/2.00)"
24.114.106.131 - - [22/May/2015:18:06:39 +0000] "POST /v1/login HTTP/1.1" 500 1546 "-" "uSnap/1.0 (iPhone; iOS 8.3; Scale/2.00)"
24.114.106.131 - - [22/May/2015:18:06:40 +0000] "POST /v1/login HTTP/1.1" 500 1546 "-" "uSnap/1.0 (iPhone; iOS 8.3; Scale/2.00)"
96.21.177.14 - - [22/May/2015:18:07:16 +0000] "POST /api/v1/login HTTP/1.1" 404 590 "-" "Mozilla/5.0 (Macintosh; Intel Mac OS X 10_10_3) AppleWebKit/537.36 (KHTML, like Gecko) Chrome/43.0.2357.65 Safari/537.36"
96.21.177.14 - - [22/May/2015:18:07:28 +0000] "POST /v1/login HTTP/1.1" 500 1546 "-" "Mozilla/5.0 (Macintosh; Intel Mac OS X 10_10_3) AppleWebKit/537.36 (KHTML, like Gecko) Chrome/43.0.2357.65 Safari/537.36"
96.21.177.14 - sleiman [22/May/2015:18:07:40 +0000] "POST /v1/login HTTP/1.1" 200 25 "-" "Mozilla/5.0 (Macintosh; Intel Mac OS X 10_10_3) AppleWebKit/537.36 (KHTML, like Gecko) Chrome/43.0.2357.65 Safari/537.36"
174.55.161.1 - - [22/May/2015:18:07:50 +0000] "GET /uploads/logo/usnap.png HTTP/1.1" 200 8502 "-" "Mozilla/5.0 (Windows NT 10.0; WOW64; rv:38.0) Gecko/20100101 Firefox/38.0"
96.21.177.14 - sleiman [22/May/2015:18:08:46 +0000] "POST /v1/login HTTP/1.1" 200 25 "-" "Mozilla/5.0 (Macintosh; Intel Mac OS X 10_10_3) AppleWebKit/537.36 (KHTML, like Gecko) Chrome/43.0.2357.65 Safari/537.36"
96.21.177.14 - - [22/May/2015:18:08:50 +0000] "POST /v1/login HTTP/1.1" 500 1546 "-" "Mozilla/5.0 (Macintosh; Intel Mac OS X 10_10_3) AppleWebKit/537.36 (KHTML, like Gecko) Chrome/43.0.2357.65 Safari/537.36"
52.24.195.247 - - [22/May/2015:18:09:47 +0000] "GET /uploads/logo/usnap.png HTTP/1.0" 200 8502 "-" "-"
96.21.177.14 - sleiman [22/May/2015:18:09:42 +0000] "POST /v1/share HTTP/1.1" 200 57 "-" "Mozilla/5.0 (Macintosh; Intel Mac OS X 10_10_3) AppleWebKit/537.36 (KHTML, like Gecko) Chrome/43.0.2357.65 Safari/537.36"
184.161.142.56 - - [22/May/2015:18:11:46 +0000] "GET /v1/campaigns HTTP/1.1" 200 2036 "-" "uSnap/0.1 (iPhone; iOS 8.3; Scale/2.00)"
184.161.142.56 - - [22/May/2015:18:11:46 +0000] "GET /v1/feed/top/23 HTTP/1.1" 200 12331 "-" "uSnap/0.1 (iPhone; iOS 8.3; Scale/2.00)"
184.161.142.56 - - [22/May/2015:18:11:46 +0000] "GET /v1/feed/live/23 HTTP/1.1" 200 12331 "-" "uSnap/0.1 (iPhone; iOS 8.3; Scale/2.00)"
184.161.142.56 - - [22/May/2015:18:11:57 +0000] "GET /v1/campaigns HTTP/1.1" 200 2036 "-" "uSnap/0.1 (iPhone; iOS 8.3; Scale/2.00)"
184.161.142.56 - - [22/May/2015:18:11:57 +0000] "GET /v1/feed/top/23 HTTP/1.1" 200 12331 "-" "uSnap/0.1 (iPhone; iOS 8.3; Scale/2.00)"
184.161.142.56 - - [22/May/2015:18:11:57 +0000] "GET /v1/feed/live/23 HTTP/1.1" 200 12331 "-" "uSnap/0.1 (iPhone; iOS 8.3; Scale/2.00)"
184.161.142.56 - - [22/May/2015:18:12:11 +0000] "GET /v1/feed/live HTTP/1.1" 200 22885 "-" "uSnap/0.1 (iPhone; iOS 8.3; Scale/2.00)"
184.161.142.56 - - [22/May/2015:18:15:46 +0000] "GET /v1/feed/live HTTP/1.1" 200 22885 "-" "uSnap/0.1 (iPhone; iOS 8.3; Scale/2.00)"
184.161.142.56 - - [22/May/2015:18:17:30 +0000] "GET /v1/campaigns HTTP/1.1" 200 2036 "-" "uSnap/0.1 (iPhone; iOS 8.3; Scale/2.00)"
184.161.142.56 - - [22/May/2015:18:17:30 +0000] "GET /v1/feed/top/23 HTTP/1.1" 200 12331 "-" "uSnap/0.1 (iPhone; iOS 8.3; Scale/2.00)"
184.161.142.56 - - [22/May/2015:18:17:31 +0000] "GET /v1/feed/live/23 HTTP/1.1" 200 12331 "-" "uSnap/0.1 (iPhone; iOS 8.3; Scale/2.00)"
184.161.142.56 - - [22/May/2015:18:17:32 +0000] "GET /v1/feed/live HTTP/1.1" 200 22885 "-" "uSnap/0.1 (iPhone; iOS 8.3; Scale/2.00)"
184.161.142.56 - - [22/May/2015:18:17:35 +0000] "GET /v1/feed/live HTTP/1.1" 200 22885 "-" "uSnap/0.1 (iPhone; iOS 8.3; Scale/2.00)"
17.199.160.101 - - [22/May/2015:18:17:38 +0000] "GET /v1/campaigns HTTP/1.1" 200 2036 "-" "uSnap/1.0 (iPad; iOS 8.1; Scale/2.00)"
17.199.160.101 - - [22/May/2015:18:17:38 +0000] "GET /v1/feed/top/23 HTTP/1.1" 200 12331 "-" "uSnap/1.0 (iPad; iOS 8.1; Scale/2.00)"
17.199.160.101 - - [22/May/2015:18:17:38 +0000] "GET /v1/feed/live/23 HTTP/1.1" 200 12331 "-" "uSnap/1.0 (iPad; iOS 8.1; Scale/2.00)"
17.199.160.37 - - [22/May/2015:18:26:02 +0000] "GET /v1/campaigns HTTP/1.1" 200 2036 "-" "uSnap/1.0 (iPod touch; iOS 8.1; Scale/2.00)"
17.199.160.37 - - [22/May/2015:18:26:02 +0000] "GET /v1/feed/top/23 HTTP/1.1" 200 12331 "-" "uSnap/1.0 (iPod touch; iOS 8.1; Scale/2.00)"
17.199.160.37 - - [22/May/2015:18:26:02 +0000] "GET /v1/feed/live/23 HTTP/1.1" 200 12331 "-" "uSnap/1.0 (iPod touch; iOS 8.1; Scale/2.00)"
184.161.142.56 - - [22/May/2015:18:26:48 +0000] "GET /v1/feed/live HTTP/1.1" 200 22885 "-" "uSnap/0.1 (iPhone; iOS 8.3; Scale/2.00)"
184.161.142.56 - - [22/May/2015:18:28:51 +0000] "GET /v1/feed/live HTTP/1.1" 200 22885 "-" "uSnap/0.1 (iPhone; iOS 8.3; Scale/2.00)"
184.161.142.56 - - [22/May/2015:18:28:55 +0000] "GET /v1/feed/live HTTP/1.1" 200 22885 "-" "uSnap/0.1 (iPhone; iOS 8.3; Scale/2.00)"
184.161.142.56 - - [22/May/2015:18:29:12 +0000] "GET /v1/feed/live HTTP/1.1" 200 22885 "-" "uSnap/0.1 (iPhone; iOS 8.3; Scale/2.00)"
184.161.142.56 - - [22/May/2015:18:29:19 +0000] "GET /v1/feed/live HTTP/1.1" 200 22885 "-" "uSnap/0.1 (iPhone; iOS 8.3; Scale/2.00)"
17.199.160.39 - - [22/May/2015:18:54:33 +0000] "GET /v1/campaigns HTTP/1.1" 200 2036 "-" "uSnap/1.0 (iPhone; iOS 8.1; Scale/2.00)"
17.199.160.39 - - [22/May/2015:18:54:33 +0000] "GET /v1/feed/top/23 HTTP/1.1" 200 12331 "-" "uSnap/1.0 (iPhone; iOS 8.1; Scale/2.00)"
17.199.160.39 - - [22/May/2015:18:54:33 +0000] "GET /v1/feed/live/23 HTTP/1.1" 200 12331 "-" "uSnap/1.0 (iPhone; iOS 8.1; Scale/2.00)"
24.114.106.131 - - [22/May/2015:19:07:11 +0000] "POST /v1/login HTTP/1.1" 500 1546 "-" "uSnap/1.0 (iPhone; iOS 8.3; Scale/2.00)"
24.114.106.131 - - [22/May/2015:19:18:13 +0000] "POST /v1/login HTTP/1.1" 200 25 "-" "uSnap/1.0 (iPhone; iOS 8.3; Scale/2.00)"
24.114.106.131 - sleiman [22/May/2015:19:18:13 +0000] "GET /v1/feed/live/23 HTTP/1.1" 200 12331 "-" "uSnap/1.0 (iPhone; iOS 8.3; Scale/2.00)"
24.114.106.131 - sleiman [22/May/2015:19:18:19 +0000] "POST /v1/share HTTP/1.1" 500 1532 "-" "uSnap/1.0 (iPhone; iOS 8.3; Scale/2.00)"
24.114.106.131 - sleiman [22/May/2015:19:19:31 +0000] "POST /v1/share HTTP/1.1" 500 1532 "-" "uSnap/1.0 (iPhone; iOS 8.3; Scale/2.00)"
96.21.177.14 - - [22/May/2015:19:19:36 +0000] "GET /v1/campaigns HTTP/1.1" 200 2036 "-" "uSnap/1.0 (iPhone; iOS 8.3; Scale/2.00)"
96.21.177.14 - - [22/May/2015:19:19:37 +0000] "GET /v1/feed/top/23 HTTP/1.1" 200 12331 "-" "uSnap/1.0 (iPhone; iOS 8.3; Scale/2.00)"
96.21.177.14 - - [22/May/2015:19:19:38 +0000] "GET /v1/feed/live/23 HTTP/1.1" 200 12331 "-" "uSnap/1.0 (iPhone; iOS 8.3; Scale/2.00)"
96.21.177.14 - - [22/May/2015:19:19:56 +0000] "GET /v1/feed/live/24 HTTP/1.1" 200 3803 "-" "uSnap/1.0 (iPhone; iOS 8.3; Scale/2.00)"
96.21.177.14 - - [22/May/2015:19:19:56 +0000] "GET /v1/feed/top/24 HTTP/1.1" 200 3803 "-" "uSnap/1.0 (iPhone; iOS 8.3; Scale/2.00)"
96.21.177.14 - - [22/May/2015:19:19:58 +0000] "GET /v1/feed/top/25 HTTP/1.1" 200 314 "-" "uSnap/1.0 (iPhone; iOS 8.3; Scale/2.00)"
96.21.177.14 - - [22/May/2015:19:19:58 +0000] "GET /v1/feed/live/25 HTTP/1.1" 200 314 "-" "uSnap/1.0 (iPhone; iOS 8.3; Scale/2.00)"
24.114.106.131 - sleiman [22/May/2015:19:19:57 +0000] "POST /v1/share HTTP/1.1" 500 1532 "-" "uSnap/1.0 (iPhone; iOS 8.3; Scale/2.00)"
96.21.177.14 - - [22/May/2015:19:20:04 +0000] "GET /v1/feed/top/24 HTTP/1.1" 200 3803 "-" "uSnap/1.0 (iPhone; iOS 8.3; Scale/2.00)"
96.21.177.14 - - [22/May/2015:19:20:04 +0000] "GET /v1/feed/live/24 HTTP/1.1" 200 3803 "-" "uSnap/1.0 (iPhone; iOS 8.3; Scale/2.00)"
96.21.177.14 - - [22/May/2015:19:20:04 +0000] "GET /v1/feed/top/25 HTTP/1.1" 200 314 "-" "uSnap/1.0 (iPhone; iOS 8.3; Scale/2.00)"
96.21.177.14 - - [22/May/2015:19:20:04 +0000] "GET /v1/feed/live/25 HTTP/1.1" 200 314 "-" "uSnap/1.0 (iPhone; iOS 8.3; Scale/2.00)"
96.21.177.14 - - [22/May/2015:19:20:05 +0000] "GET /v1/feed/top/26 HTTP/1.1" 200 5929 "-" "uSnap/1.0 (iPhone; iOS 8.3; Scale/2.00)"
96.21.177.14 - - [22/May/2015:19:20:05 +0000] "GET /v1/feed/live/26 HTTP/1.1" 200 5929 "-" "uSnap/1.0 (iPhone; iOS 8.3; Scale/2.00)"
96.21.177.14 - - [22/May/2015:19:20:06 +0000] "GET /v1/feed/top/25 HTTP/1.1" 200 314 "-" "uSnap/1.0 (iPhone; iOS 8.3; Scale/2.00)"
96.21.177.14 - - [22/May/2015:19:20:06 +0000] "GET /v1/feed/live/25 HTTP/1.1" 200 314 "-" "uSnap/1.0 (iPhone; iOS 8.3; Scale/2.00)"
96.21.177.14 - - [22/May/2015:19:20:07 +0000] "GET /v1/feed/live/24 HTTP/1.1" 200 3803 "-" "uSnap/1.0 (iPhone; iOS 8.3; Scale/2.00)"
96.21.177.14 - - [22/May/2015:19:20:07 +0000] "GET /v1/feed/top/24 HTTP/1.1" 200 3803 "-" "uSnap/1.0 (iPhone; iOS 8.3; Scale/2.00)"
96.21.177.14 - - [22/May/2015:19:20:07 +0000] "GET /v1/feed/live/23 HTTP/1.1" 200 12331 "-" "uSnap/1.0 (iPhone; iOS 8.3; Scale/2.00)"
96.21.177.14 - - [22/May/2015:19:20:07 +0000] "GET /v1/feed/top/23 HTTP/1.1" 200 12331 "-" "uSnap/1.0 (iPhone; iOS 8.3; Scale/2.00)"
24.114.106.131 - sleiman [22/May/2015:19:20:15 +0000] "POST /v1/share HTTP/1.1" 500 1532 "-" "uSnap/1.0 (iPhone; iOS 8.3; Scale/2.00)"
184.161.142.56 - - [22/May/2015:19:20:43 +0000] "GET /v1/campaigns HTTP/1.1" 200 2036 "-" "uSnap/0.1 (iPhone; iOS 8.3; Scale/2.00)"
184.161.142.56 - - [22/May/2015:19:20:43 +0000] "GET /v1/feed/top/23 HTTP/1.1" 200 12331 "-" "uSnap/0.1 (iPhone; iOS 8.3; Scale/2.00)"
184.161.142.56 - - [22/May/2015:19:20:43 +0000] "GET /v1/feed/live/23 HTTP/1.1" 200 12331 "-" "uSnap/0.1 (iPhone; iOS 8.3; Scale/2.00)"
184.161.142.56 - - [22/May/2015:19:20:44 +0000] "GET /v1/feed/live HTTP/1.1" 200 22885 "-" "uSnap/0.1 (iPhone; iOS 8.3; Scale/2.00)"
184.161.142.56 - - [22/May/2015:19:21:03 +0000] "GET /v1/feed/live HTTP/1.1" 200 22885 "-" "uSnap/0.1 (iPhone; iOS 8.3; Scale/2.00)"
184.161.142.56 - - [22/May/2015:19:21:04 +0000] "GET /v1/feed/live HTTP/1.1" 200 22885 "-" "uSnap/0.1 (iPhone; iOS 8.3; Scale/2.00)"
184.161.142.56 - - [22/May/2015:19:21:08 +0000] "GET /v1/feed/live HTTP/1.1" 200 22885 "-" "uSnap/0.1 (iPhone; iOS 8.3; Scale/2.00)"
184.161.142.56 - - [22/May/2015:19:21:12 +0000] "GET /v1/feed/live HTTP/1.1" 200 22885 "-" "uSnap/0.1 (iPhone; iOS 8.3; Scale/2.00)"
184.161.142.56 - - [22/May/2015:19:21:12 +0000] "GET /v1/feed/live HTTP/1.1" 200 22885 "-" "uSnap/0.1 (iPhone; iOS 8.3; Scale/2.00)"
96.21.177.14 - sleiman [22/May/2015:19:21:17 +0000] "POST /v1/share HTTP/1.1" 500 1618 "-" "Mozilla/5.0 (Macintosh; Intel Mac OS X 10_10_3) AppleWebKit/537.36 (KHTML, like Gecko) Chrome/43.0.2357.65 Safari/537.36"
184.161.142.56 - - [22/May/2015:19:21:24 +0000] "GET /v1/feed/live HTTP/1.1" 200 22885 "-" "uSnap/0.1 (iPhone; iOS 8.3; Scale/2.00)"
184.161.142.56 - - [22/May/2015:19:21:28 +0000] "GET /v1/feed/live HTTP/1.1" 200 22885 "-" "uSnap/0.1 (iPhone; iOS 8.3; Scale/2.00)"
24.114.106.131 - sleiman [22/May/2015:19:22:40 +0000] "POST /v1/share HTTP/1.1" 500 1532 "-" "uSnap/1.0 (iPhone; iOS 8.3; Scale/2.00)"
52.24.195.247 - - [22/May/2015:19:22:58 +0000] "GET /uploads/logo/usnap.png HTTP/1.0" 200 8502 "-" "-"
96.21.177.14 - sleiman [22/May/2015:19:22:57 +0000] "POST /v1/share HTTP/1.1" 200 56 "-" "Mozilla/5.0 (Macintosh; Intel Mac OS X 10_10_3) AppleWebKit/537.36 (KHTML, like Gecko) Chrome/43.0.2357.65 Safari/537.36"
96.21.177.14 - sleiman [22/May/2015:19:23:01 +0000] "POST /v1/share HTTP/1.1" 500 1534 "-" "Mozilla/5.0 (Macintosh; Intel Mac OS X 10_10_3) AppleWebKit/537.36 (KHTML, like Gecko) Chrome/43.0.2357.65 Safari/537.36"
184.161.142.56 - - [22/May/2015:19:26:34 +0000] "GET /v1/feed/live HTTP/1.1" 200 23202 "-" "uSnap/0.1 (iPhone; iOS 8.3; Scale/2.00)"
184.161.142.56 - - [22/May/2015:19:26:36 +0000] "GET /v1/feed/live HTTP/1.1" 200 23202 "-" "uSnap/0.1 (iPhone; iOS 8.3; Scale/2.00)"
184.161.142.56 - - [22/May/2015:19:26:39 +0000] "GET /v1/feed/live HTTP/1.1" 200 23202 "-" "uSnap/0.1 (iPhone; iOS 8.3; Scale/2.00)"
184.161.142.56 - - [22/May/2015:19:40:06 +0000] "GET /v1/feed/live HTTP/1.1" 200 23202 "-" "uSnap/0.1 (iPhone; iOS 8.3; Scale/2.00)"
184.161.142.56 - - [22/May/2015:19:40:08 +0000] "GET /v1/feed/live HTTP/1.1" 200 23202 "-" "uSnap/0.1 (iPhone; iOS 8.3; Scale/2.00)"
184.161.142.56 - - [22/May/2015:19:40:25 +0000] "GET /v1/feed/live HTTP/1.1" 200 23202 "-" "uSnap/0.1 (iPhone; iOS 8.3; Scale/2.00)"
184.161.142.56 - - [22/May/2015:19:40:27 +0000] "GET /v1/feed/live HTTP/1.1" 200 23202 "-" "uSnap/0.1 (iPhone; iOS 8.3; Scale/2.00)"
24.114.106.131 - sleiman [22/May/2015:20:00:45 +0000] "GET /v1/campaigns HTTP/1.1" 200 142 "-" "uSnap/1.0 (iPhone; iOS 8.3; Scale/2.00)"
24.114.106.131 - sleiman [22/May/2015:20:01:45 +0000] "GET /v1/campaigns HTTP/1.1" 200 142 "-" "uSnap/1.0 (iPhone; iOS 8.3; Scale/2.00)"
24.114.106.131 - sleiman [22/May/2015:20:01:47 +0000] "GET /v1/campaigns HTTP/1.1" 200 142 "-" "uSnap/1.0 (iPhone; iOS 8.3; Scale/2.00)"
24.114.106.131 - sleiman [22/May/2015:20:01:47 +0000] "GET /v1/feed/live/me HTTP/1.1" 200 142 "-" "uSnap/1.0 (iPhone; iOS 8.3; Scale/2.00)"
24.114.106.131 - sleiman [22/May/2015:20:01:49 +0000] "GET /v1/feed/live/23 HTTP/1.1" 200 142 "-" "uSnap/1.0 (iPhone; iOS 8.3; Scale/2.00)"
184.161.142.56 - - [22/May/2015:20:02:31 +0000] "GET /v1/feed/live HTTP/1.1" 200 142 "-" "uSnap/0.1 (iPhone; iOS 8.3; Scale/2.00)"
184.161.142.56 - - [22/May/2015:20:02:56 +0000] "GET /v1/feed/live HTTP/1.1" 200 142 "-" "uSnap/0.1 (iPhone; iOS 8.3; Scale/2.00)"
184.161.142.56 - - [22/May/2015:20:03:58 +0000] "GET /v1/feed/live HTTP/1.1" 200 142 "-" "uSnap/0.1 (iPhone; iOS 8.3; Scale/2.00)"
184.161.142.56 - - [22/May/2015:20:04:06 +0000] "GET /v1/feed/live HTTP/1.1" 200 142 "-" "uSnap/0.1 (iPhone; iOS 8.3; Scale/2.00)"
184.161.142.56 - - [22/May/2015:20:04:07 +0000] "GET /v1/feed/live HTTP/1.1" 200 142 "-" "uSnap/0.1 (iPhone; iOS 8.3; Scale/2.00)"
184.161.142.56 - - [22/May/2015:20:04:14 +0000] "GET /v1/feed/live HTTP/1.1" 200 142 "-" "uSnap/0.1 (iPhone; iOS 8.3; Scale/2.00)"
184.161.142.56 - - [22/May/2015:20:04:17 +0000] "GET /v1/feed/live HTTP/1.1" 200 142 "-" "uSnap/0.1 (iPhone; iOS 8.3; Scale/2.00)"
24.114.106.131 - sleiman [22/May/2015:20:04:29 +0000] "GET /v1/campaigns HTTP/1.1" 200 142 "-" "uSnap/1.0 (iPhone; iOS 8.3; Scale/2.00)"
173.176.252.101 - - [22/May/2015:20:21:20 +0000] "GET /v1/feed/top HTTP/1.1" 200 142 "-" "Mozilla/5.0 (Macintosh; Intel Mac OS X 10_10_3) AppleWebKit/537.36 (KHTML, like Gecko) Chrome/43.0.2357.65 Safari/537.36"
173.176.252.101 - - [22/May/2015:20:21:21 +0000] "GET /favicon.ico HTTP/1.1" 200 142 "http://api.usnap.com/v1/feed/top" "Mozilla/5.0 (Macintosh; Intel Mac OS X 10_10_3) AppleWebKit/537.36 (KHTML, like Gecko) Chrome/43.0.2357.65 Safari/537.36"
173.176.252.101 - - [22/May/2015:20:22:50 +0000] "GET /v1/feed/top HTTP/1.1" 200 23202 "-" "Mozilla/5.0 (Macintosh; Intel Mac OS X 10_10_3) AppleWebKit/537.36 (KHTML, like Gecko) Chrome/43.0.2357.65 Safari/537.36"
173.176.252.101 - - [22/May/2015:20:22:50 +0000] "GET /favicon.ico HTTP/1.1" 404 590 "http://api.usnap.com/v1/feed/top" "Mozilla/5.0 (Macintosh; Intel Mac OS X 10_10_3) AppleWebKit/537.36 (KHTML, like Gecko) Chrome/43.0.2357.65 Safari/537.36"
173.176.252.101 - sleiman [22/May/2015:20:23:35 +0000] "GET /v1/campaigns HTTP/1.1" 200 2036 "-" "uSnap/1.0 (iPhone; iOS 8.3; Scale/2.00)"
173.176.252.101 - sleiman [22/May/2015:20:23:35 +0000] "GET /v1/feed/top/23 HTTP/1.1" 200 12648 "-" "uSnap/1.0 (iPhone; iOS 8.3; Scale/2.00)"
173.176.252.101 - sleiman [22/May/2015:20:23:35 +0000] "GET /v1/feed/live/23 HTTP/1.1" 200 12648 "-" "uSnap/1.0 (iPhone; iOS 8.3; Scale/2.00)"
173.176.252.101 - sleiman [22/May/2015:20:23:40 +0000] "GET /v1/feed/top/24 HTTP/1.1" 200 3803 "-" "uSnap/1.0 (iPhone; iOS 8.3; Scale/2.00)"
173.176.252.101 - sleiman [22/May/2015:20:23:40 +0000] "GET /v1/feed/live/24 HTTP/1.1" 200 3803 "-" "uSnap/1.0 (iPhone; iOS 8.3; Scale/2.00)"
173.176.252.101 - sleiman [22/May/2015:20:23:46 +0000] "GET /v1/feed/live/25 HTTP/1.1" 200 314 "-" "uSnap/1.0 (iPhone; iOS 8.3; Scale/2.00)"
173.176.252.101 - sleiman [22/May/2015:20:23:46 +0000] "GET /v1/feed/top/25 HTTP/1.1" 200 314 "-" "uSnap/1.0 (iPhone; iOS 8.3; Scale/2.00)"
173.176.252.101 - sleiman [22/May/2015:20:23:48 +0000] "GET /v1/feed/top/26 HTTP/1.1" 200 5929 "-" "uSnap/1.0 (iPhone; iOS 8.3; Scale/2.00)"
173.176.252.101 - sleiman [22/May/2015:20:23:48 +0000] "GET /v1/feed/live/26 HTTP/1.1" 200 5929 "-" "uSnap/1.0 (iPhone; iOS 8.3; Scale/2.00)"
173.176.252.101 - sleiman [22/May/2015:20:23:55 +0000] "GET /v1/feed/live/26 HTTP/1.1" 200 5929 "-" "uSnap/1.0 (iPhone; iOS 8.3; Scale/2.00)"
173.176.252.101 - sleiman [22/May/2015:20:23:55 +0000] "GET /v1/feed/top/26 HTTP/1.1" 200 5929 "-" "uSnap/1.0 (iPhone; iOS 8.3; Scale/2.00)"
173.176.252.101 - sleiman [22/May/2015:20:24:02 +0000] "GET /v1/feed/live/26 HTTP/1.1" 200 5929 "-" "uSnap/1.0 (iPhone; iOS 8.3; Scale/2.00)"
173.176.252.101 - sleiman [22/May/2015:20:24:02 +0000] "GET /v1/feed/top/26 HTTP/1.1" 200 5929 "-" "uSnap/1.0 (iPhone; iOS 8.3; Scale/2.00)"
173.176.252.101 - sleiman [22/May/2015:20:24:03 +0000] "GET /v1/feed/live/25 HTTP/1.1" 200 314 "-" "uSnap/1.0 (iPhone; iOS 8.3; Scale/2.00)"
173.176.252.101 - sleiman [22/May/2015:20:24:03 +0000] "GET /v1/feed/top/25 HTTP/1.1" 200 314 "-" "uSnap/1.0 (iPhone; iOS 8.3; Scale/2.00)"
173.176.252.101 - sleiman [22/May/2015:20:24:06 +0000] "GET /v1/feed/live/25 HTTP/1.1" 200 314 "-" "uSnap/1.0 (iPhone; iOS 8.3; Scale/2.00)"
173.176.252.101 - sleiman [22/May/2015:20:24:17 +0000] "GET /v1/feed/live/25 HTTP/1.1" 200 314 "-" "uSnap/1.0 (iPhone; iOS 8.3; Scale/2.00)"
173.176.252.101 - sleiman [22/May/2015:20:24:26 +0000] "POST /v1/share HTTP/1.1" 500 1532 "-" "uSnap/1.0 (iPhone; iOS 8.3; Scale/2.00)"
173.176.252.101 - sleiman [22/May/2015:20:25:36 +0000] "POST /v1/share HTTP/1.1" 500 1534 "-" "Mozilla/5.0 (Macintosh; Intel Mac OS X 10_10_3) AppleWebKit/537.36 (KHTML, like Gecko) Chrome/43.0.2357.65 Safari/537.36"
52.24.195.247 - - [22/May/2015:20:26:44 +0000] "GET /uploads/logo/usnap.png HTTP/1.0" 200 8502 "-" "-"
173.176.252.101 - sleiman [22/May/2015:20:26:43 +0000] "POST /v1/share HTTP/1.1" 200 57 "-" "Mozilla/5.0 (Macintosh; Intel Mac OS X 10_10_3) AppleWebKit/537.36 (KHTML, like Gecko) Chrome/43.0.2357.65 Safari/537.36"
96.21.177.14 - - [22/May/2015:20:31:22 +0000] "GET /v1/feed/live/24 HTTP/1.1" 200 3803 "-" "uSnap/1.0 (iPhone; iOS 8.3; Scale/2.00)"
96.21.177.14 - - [22/May/2015:20:31:22 +0000] "GET /v1/feed/top/24 HTTP/1.1" 200 3803 "-" "uSnap/1.0 (iPhone; iOS 8.3; Scale/2.00)"
96.21.177.14 - - [22/May/2015:20:31:27 +0000] "GET /v1/feed/live/23 HTTP/1.1" 200 12967 "-" "uSnap/1.0 (iPhone; iOS 8.3; Scale/2.00)"
96.21.177.14 - - [22/May/2015:20:31:27 +0000] "GET /v1/feed/top/23 HTTP/1.1" 200 12967 "-" "uSnap/1.0 (iPhone; iOS 8.3; Scale/2.00)"
96.21.177.14 - - [22/May/2015:20:31:33 +0000] "GET /v1/feed/live/23 HTTP/1.1" 200 12967 "-" "uSnap/1.0 (iPhone; iOS 8.3; Scale/2.00)"
96.21.177.14 - - [22/May/2015:20:31:44 +0000] "GET /v1/feed/live/23 HTTP/1.1" 200 12967 "-" "uSnap/1.0 (iPhone; iOS 8.3; Scale/2.00)"
96.21.177.14 - - [22/May/2015:20:33:01 +0000] "POST /v1/login HTTP/1.1" 200 - "-" "uSnap/1.0 (iPhone; iOS 8.3; Scale/2.00)"
96.21.177.14 - davidadda [22/May/2015:20:33:01 +0000] "GET /v1/feed/live/23 HTTP/1.1" 200 12967 "-" "uSnap/1.0 (iPhone; iOS 8.3; Scale/2.00)"
96.21.177.14 - davidadda [22/May/2015:20:33:05 +0000] "POST /v1/share HTTP/1.1" 500 1532 "-" "uSnap/1.0 (iPhone; iOS 8.3; Scale/2.00)"
96.21.177.14 - davidadda [22/May/2015:20:33:29 +0000] "POST /v1/share HTTP/1.1" 500 1532 "-" "uSnap/1.0 (iPhone; iOS 8.3; Scale/2.00)"
96.21.177.14 - davidadda [22/May/2015:20:40:22 +0000] "POST /v1/share HTTP/1.1" 500 1532 "-" "uSnap/1.0 (iPhone; iOS 8.3; Scale/2.00)"
96.21.177.14 - davidadda [22/May/2015:20:41:09 +0000] "GET /v1/feed/live/23 HTTP/1.1" 200 12967 "-" "uSnap/1.0 (iPhone; iOS 8.3; Scale/2.00)"
96.21.177.14 - davidadda [22/May/2015:20:41:10 +0000] "GET /v1/feed/live/23 HTTP/1.1" 200 12967 "-" "uSnap/1.0 (iPhone; iOS 8.3; Scale/2.00)"
96.21.177.14 - davidadda [22/May/2015:20:41:12 +0000] "GET /v1/feed/top/23 HTTP/1.1" 200 12967 "-" "uSnap/1.0 (iPhone; iOS 8.3; Scale/2.00)"
96.21.177.14 - davidadda [22/May/2015:20:41:12 +0000] "GET /v1/feed/live/23 HTTP/1.1" 200 12967 "-" "uSnap/1.0 (iPhone; iOS 8.3; Scale/2.00)"
96.21.177.14 - davidadda [22/May/2015:20:41:30 +0000] "GET /v1/feed/top/24 HTTP/1.1" 200 3803 "-" "uSnap/1.0 (iPhone; iOS 8.3; Scale/2.00)"
96.21.177.14 - davidadda [22/May/2015:20:41:30 +0000] "GET /v1/feed/live/24 HTTP/1.1" 200 3803 "-" "uSnap/1.0 (iPhone; iOS 8.3; Scale/2.00)"
96.21.177.14 - davidadda [22/May/2015:20:41:32 +0000] "GET /v1/feed/live/25 HTTP/1.1" 200 314 "-" "uSnap/1.0 (iPhone; iOS 8.3; Scale/2.00)"
96.21.177.14 - davidadda [22/May/2015:20:41:32 +0000] "GET /v1/feed/top/25 HTTP/1.1" 200 314 "-" "uSnap/1.0 (iPhone; iOS 8.3; Scale/2.00)"
96.21.177.14 - davidadda [22/May/2015:20:41:35 +0000] "GET /v1/feed/live/26 HTTP/1.1" 200 5929 "-" "uSnap/1.0 (iPhone; iOS 8.3; Scale/2.00)"
96.21.177.14 - davidadda [22/May/2015:20:41:35 +0000] "GET /v1/feed/top/26 HTTP/1.1" 200 5929 "-" "uSnap/1.0 (iPhone; iOS 8.3; Scale/2.00)"
96.21.177.14 - davidadda [22/May/2015:20:41:36 +0000] "GET /v1/feed/live/25 HTTP/1.1" 200 314 "-" "uSnap/1.0 (iPhone; iOS 8.3; Scale/2.00)"
96.21.177.14 - davidadda [22/May/2015:20:41:36 +0000] "GET /v1/feed/top/25 HTTP/1.1" 200 314 "-" "uSnap/1.0 (iPhone; iOS 8.3; Scale/2.00)"
96.21.177.14 - davidadda [22/May/2015:20:41:36 +0000] "GET /v1/feed/live/24 HTTP/1.1" 200 3803 "-" "uSnap/1.0 (iPhone; iOS 8.3; Scale/2.00)"
96.21.177.14 - davidadda [22/May/2015:20:41:36 +0000] "GET /v1/feed/top/24 HTTP/1.1" 200 3803 "-" "uSnap/1.0 (iPhone; iOS 8.3; Scale/2.00)"
96.21.177.14 - davidadda [22/May/2015:20:41:37 +0000] "GET /v1/feed/top/23 HTTP/1.1" 200 12967 "-" "uSnap/1.0 (iPhone; iOS 8.3; Scale/2.00)"
96.21.177.14 - davidadda [22/May/2015:20:41:37 +0000] "GET /v1/feed/live/23 HTTP/1.1" 200 12967 "-" "uSnap/1.0 (iPhone; iOS 8.3; Scale/2.00)"
96.21.177.14 - davidadda [22/May/2015:20:41:41 +0000] "GET /v1/feed/live/23 HTTP/1.1" 200 12967 "-" "uSnap/1.0 (iPhone; iOS 8.3; Scale/2.00)"
96.21.177.14 - davidadda [22/May/2015:20:41:50 +0000] "GET /v1/feed/live/23 HTTP/1.1" 200 12967 "-" "uSnap/1.0 (iPhone; iOS 8.3; Scale/2.00)"
96.21.177.14 - davidadda [22/May/2015:20:42:02 +0000] "GET /v1/feed/live/23 HTTP/1.1" 200 12967 "-" "uSnap/1.0 (iPhone; iOS 8.3; Scale/2.00)"
96.21.177.14 - davidadda [22/May/2015:20:42:13 +0000] "GET /v1/feed/live/23 HTTP/1.1" 200 12967 "-" "uSnap/1.0 (iPhone; iOS 8.3; Scale/2.00)"
96.21.177.14 - davidadda [22/May/2015:20:42:46 +0000] "GET /v1/feed/live/23 HTTP/1.1" 200 12967 "-" "uSnap/1.0 (iPhone; iOS 8.3; Scale/2.00)"
96.21.177.14 - davidadda [22/May/2015:20:44:25 +0000] "POST /v1/share HTTP/1.1" 500 1532 "-" "uSnap/1.0 (iPhone; iOS 8.3; Scale/2.00)"
173.176.252.101 - - [22/May/2015:20:45:00 +0000] "GET /v1/feed/top HTTP/1.1" 200 23521 "-" "Mozilla/5.0 (Macintosh; Intel Mac OS X 10_10_3) AppleWebKit/537.36 (KHTML, like Gecko) Chrome/43.0.2357.65 Safari/537.36"
173.176.252.101 - sleiman [22/May/2015:20:45:20 +0000] "POST /v1/share HTTP/1.1" 500 1534 "-" "Mozilla/5.0 (Macintosh; Intel Mac OS X 10_10_3) AppleWebKit/537.36 (KHTML, like Gecko) Chrome/43.0.2357.65 Safari/537.36"
173.176.252.101 - sleiman [22/May/2015:20:46:33 +0000] "POST /v1/share HTTP/1.1" 500 1532 "-" "Mozilla/5.0 (Macintosh; Intel Mac OS X 10_10_3) AppleWebKit/537.36 (KHTML, like Gecko) Chrome/43.0.2357.65 Safari/537.36"
96.21.177.14 - davidadda [22/May/2015:20:46:39 +0000] "GET /v1/feed/live/23 HTTP/1.1" 200 12967 "-" "uSnap/1.0 (iPhone; iOS 8.3; Scale/2.00)"
52.24.195.247 - - [22/May/2015:20:46:47 +0000] "GET /uploads/logo/usnap.png HTTP/1.0" 200 8502 "-" "-"
173.176.252.101 - sleiman [22/May/2015:20:46:46 +0000] "POST /v1/share HTTP/1.1" 200 58 "-" "Mozilla/5.0 (Macintosh; Intel Mac OS X 10_10_3) AppleWebKit/537.36 (KHTML, like Gecko) Chrome/43.0.2357.65 Safari/537.36"
96.21.177.14 - davidadda [22/May/2015:20:46:51 +0000] "GET /v1/feed/live/23 HTTP/1.1" 200 13288 "-" "uSnap/1.0 (iPhone; iOS 8.3; Scale/2.00)"
96.21.177.14 - davidadda [22/May/2015:20:47:25 +0000] "GET /v1/feed/live/23 HTTP/1.1" 200 13288 "-" "uSnap/1.0 (iPhone; iOS 8.3; Scale/2.00)"
96.21.177.14 - davidadda [22/May/2015:20:47:26 +0000] "GET /v1/feed/live/23 HTTP/1.1" 200 13288 "-" "uSnap/1.0 (iPhone; iOS 8.3; Scale/2.00)"
96.21.177.14 - davidadda [22/May/2015:20:47:39 +0000] "GET /v1/campaigns HTTP/1.1" 200 2036 "-" "uSnap/1.0 (iPhone; iOS 8.3; Scale/2.00)"
96.21.177.14 - davidadda [22/May/2015:20:47:39 +0000] "GET /v1/feed/top/23 HTTP/1.1" 200 13288 "-" "uSnap/1.0 (iPhone; iOS 8.3; Scale/2.00)"
96.21.177.14 - davidadda [22/May/2015:20:47:40 +0000] "GET /v1/feed/live/23 HTTP/1.1" 200 13288 "-" "uSnap/1.0 (iPhone; iOS 8.3; Scale/2.00)"
184.161.142.56 - - [22/May/2015:20:48:38 +0000] "GET /v1/campaigns HTTP/1.1" 200 2036 "-" "uSnap/0.1 (iPhone; iOS 8.3; Scale/2.00)"
184.161.142.56 - - [22/May/2015:20:48:38 +0000] "GET /v1/feed/top/23 HTTP/1.1" 200 13288 "-" "uSnap/0.1 (iPhone; iOS 8.3; Scale/2.00)"
184.161.142.56 - - [22/May/2015:20:48:38 +0000] "GET /v1/feed/live/23 HTTP/1.1" 200 13288 "-" "uSnap/0.1 (iPhone; iOS 8.3; Scale/2.00)"
52.24.195.247 - - [22/May/2015:20:48:48 +0000] "GET /uploads/logo/usnap.png HTTP/1.0" 200 8502 "-" "-"
173.176.252.101 - sleiman [22/May/2015:20:48:47 +0000] "POST /v1/share HTTP/1.1" 200 57 "-" "Mozilla/5.0 (Macintosh; Intel Mac OS X 10_10_3) AppleWebKit/537.36 (KHTML, like Gecko) Chrome/43.0.2357.65 Safari/537.36"
173.176.252.101 - sleiman [22/May/2015:20:48:58 +0000] "GET /v1/campaigns HTTP/1.1" 200 2036 "-" "uSnap/1.0 (iPhone; iOS 8.3; Scale/2.00)"
173.176.252.101 - sleiman [22/May/2015:20:48:58 +0000] "GET /v1/feed/top/23 HTTP/1.1" 200 13607 "-" "uSnap/1.0 (iPhone; iOS 8.3; Scale/2.00)"
173.176.252.101 - sleiman [22/May/2015:20:48:58 +0000] "GET /v1/feed/live/23 HTTP/1.1" 200 13607 "-" "uSnap/1.0 (iPhone; iOS 8.3; Scale/2.00)"
173.176.252.101 - sleiman [22/May/2015:20:49:00 +0000] "GET /v1/feed/live/25 HTTP/1.1" 200 314 "-" "uSnap/1.0 (iPhone; iOS 8.3; Scale/2.00)"
173.176.252.101 - sleiman [22/May/2015:20:49:04 +0000] "GET /v1/feed/live/25 HTTP/1.1" 200 314 "-" "uSnap/1.0 (iPhone; iOS 8.3; Scale/2.00)"
52.24.195.247 - - [22/May/2015:20:49:14 +0000] "GET /uploads/logo/usnap.png HTTP/1.0" 200 8502 "-" "-"
173.176.252.101 - sleiman [22/May/2015:20:49:12 +0000] "POST /v1/share HTTP/1.1" 200 57 "-" "uSnap/1.0 (iPhone; iOS 8.3; Scale/2.00)"
173.176.252.101 - sleiman [22/May/2015:20:49:15 +0000] "GET /v1/feed/live/25 HTTP/1.1" 200 633 "-" "uSnap/1.0 (iPhone; iOS 8.3; Scale/2.00)"
173.176.252.101 - sleiman [22/May/2015:20:49:15 +0000] "GET /v1/feed/top/25 HTTP/1.1" 200 633 "-" "uSnap/1.0 (iPhone; iOS 8.3; Scale/2.00)"
173.176.252.101 - sleiman [22/May/2015:20:49:22 +0000] "GET /v1/feed/live/24 HTTP/1.1" 200 3803 "-" "uSnap/1.0 (iPhone; iOS 8.3; Scale/2.00)"
173.176.252.101 - sleiman [22/May/2015:20:49:22 +0000] "GET /v1/feed/top/24 HTTP/1.1" 200 3803 "-" "uSnap/1.0 (iPhone; iOS 8.3; Scale/2.00)"
173.176.252.101 - sleiman [22/May/2015:20:49:22 +0000] "GET /v1/feed/top/23 HTTP/1.1" 200 13607 "-" "uSnap/1.0 (iPhone; iOS 8.3; Scale/2.00)"
173.176.252.101 - sleiman [22/May/2015:20:49:22 +0000] "GET /v1/feed/live/23 HTTP/1.1" 200 13607 "-" "uSnap/1.0 (iPhone; iOS 8.3; Scale/2.00)"
173.176.252.101 - sleiman [22/May/2015:20:49:24 +0000] "GET /v1/feed/live/23 HTTP/1.1" 200 13607 "-" "uSnap/1.0 (iPhone; iOS 8.3; Scale/2.00)"
173.176.252.101 - sleiman [22/May/2015:20:49:29 +0000] "GET /v1/feed/live/23 HTTP/1.1" 200 13607 "-" "uSnap/1.0 (iPhone; iOS 8.3; Scale/2.00)"
184.161.142.56 - - [22/May/2015:20:49:40 +0000] "GET /v1/feed/live HTTP/1.1" 200 24480 "-" "uSnap/0.1 (iPhone; iOS 8.3; Scale/2.00)"
52.24.195.247 - - [22/May/2015:20:49:43 +0000] "GET /uploads/logo/usnap.png HTTP/1.0" 200 8502 "-" "-"
173.176.252.101 - sleiman [22/May/2015:20:49:41 +0000] "POST /v1/share HTTP/1.1" 200 57 "-" "uSnap/1.0 (iPhone; iOS 8.3; Scale/2.00)"
173.176.252.101 - sleiman [22/May/2015:20:49:44 +0000] "GET /v1/feed/top/23 HTTP/1.1" 200 13923 "-" "uSnap/1.0 (iPhone; iOS 8.3; Scale/2.00)"
173.176.252.101 - sleiman [22/May/2015:20:49:44 +0000] "GET /v1/feed/live/23 HTTP/1.1" 200 13923 "-" "uSnap/1.0 (iPhone; iOS 8.3; Scale/2.00)"
173.176.252.101 - sleiman [22/May/2015:20:49:59 +0000] "GET /v1/feed/top/23 HTTP/1.1" 200 13923 "-" "uSnap/1.0 (iPhone; iOS 8.3; Scale/2.00)"
173.176.252.101 - sleiman [22/May/2015:20:49:59 +0000] "GET /v1/feed/live/23 HTTP/1.1" 200 13923 "-" "uSnap/1.0 (iPhone; iOS 8.3; Scale/2.00)"
173.176.252.101 - sleiman [22/May/2015:20:50:54 +0000] "GET /v1/campaigns HTTP/1.1" 200 2036 "-" "uSnap/1.0 (iPhone; iOS 8.3; Scale/2.00)"
173.176.252.101 - sleiman [22/May/2015:20:50:54 +0000] "GET /v1/feed/live/me HTTP/1.1" 200 10217 "-" "uSnap/1.0 (iPhone; iOS 8.3; Scale/2.00)"
173.176.252.101 - sleiman [22/May/2015:20:51:01 +0000] "GET /v1/feed/live/23 HTTP/1.1" 200 13923 "-" "uSnap/1.0 (iPhone; iOS 8.3; Scale/2.00)"
173.176.252.101 - sleiman [22/May/2015:20:51:01 +0000] "GET /v1/feed/top/23 HTTP/1.1" 200 13923 "-" "uSnap/1.0 (iPhone; iOS 8.3; Scale/2.00)"
96.21.177.14 - - [22/May/2015:20:51:42 +0000] "GET / HTTP/1.1" 200 9 "-" "Mozilla/5.0 (Macintosh; Intel Mac OS X 10_10_3) AppleWebKit/537.36 (KHTML, like Gecko) Chrome/42.0.2311.152 Safari/537.36"
96.21.177.14 - - [22/May/2015:20:51:42 +0000] "GET /favicon.ico HTTP/1.1" 404 590 "http://api.usnap.com/" "Mozilla/5.0 (Macintosh; Intel Mac OS X 10_10_3) AppleWebKit/537.36 (KHTML, like Gecko) Chrome/42.0.2311.152 Safari/537.36"
96.21.177.14 - davidadda [22/May/2015:20:53:13 +0000] "GET /v1/campaigns HTTP/1.1" 200 2036 "-" "uSnap/1.0 (iPhone; iOS 8.3; Scale/2.00)"
96.21.177.14 - davidadda [22/May/2015:20:53:13 +0000] "GET /v1/feed/top/23 HTTP/1.1" 200 13923 "-" "uSnap/1.0 (iPhone; iOS 8.3; Scale/2.00)"
96.21.177.14 - davidadda [22/May/2015:20:53:13 +0000] "GET /v1/feed/live/23 HTTP/1.1" 200 13923 "-" "uSnap/1.0 (iPhone; iOS 8.3; Scale/2.00)"
96.21.177.14 - davidadda [22/May/2015:20:53:18 +0000] "GET /v1/feed/live/23 HTTP/1.1" 200 13923 "-" "uSnap/1.0 (iPhone; iOS 8.3; Scale/2.00)"
96.21.177.14 - davidadda [22/May/2015:20:53:22 +0000] "GET /v1/feed/live/23 HTTP/1.1" 200 13923 "-" "uSnap/1.0 (iPhone; iOS 8.3; Scale/2.00)"
184.161.142.56 - - [22/May/2015:20:53:37 +0000] "GET /v1/feed/live HTTP/1.1" 200 24796 "-" "uSnap/0.1 (iPhone; iOS 8.3; Scale/2.00)"
184.161.142.56 - - [22/May/2015:20:53:39 +0000] "GET /v1/feed/live HTTP/1.1" 200 24796 "-" "uSnap/0.1 (iPhone; iOS 8.3; Scale/2.00)"
52.24.195.247 - - [22/May/2015:20:53:40 +0000] "GET /uploads/logo/usnap.png HTTP/1.0" 200 8502 "-" "-"
96.21.177.14 - davidadda [22/May/2015:20:53:31 +0000] "POST /v1/share HTTP/1.1" 200 57 "-" "uSnap/1.0 (iPhone; iOS 8.3; Scale/2.00)"
96.21.177.14 - davidadda [22/May/2015:20:53:40 +0000] "GET /v1/feed/top/23 HTTP/1.1" 200 14239 "-" "uSnap/1.0 (iPhone; iOS 8.3; Scale/2.00)"
96.21.177.14 - davidadda [22/May/2015:20:53:41 +0000] "GET /v1/feed/live/23 HTTP/1.1" 200 14239 "-" "uSnap/1.0 (iPhone; iOS 8.3; Scale/2.00)"
96.21.177.14 - davidadda [22/May/2015:20:54:00 +0000] "GET /v1/feed/live/23 HTTP/1.1" 200 14239 "-" "uSnap/1.0 (iPhone; iOS 8.3; Scale/2.00)"
96.21.177.14 - davidadda [22/May/2015:20:54:03 +0000] "GET /v1/feed/live/23 HTTP/1.1" 200 14239 "-" "uSnap/1.0 (iPhone; iOS 8.3; Scale/2.00)"
